// Jest Snapshot v1, https://goo.gl/fbAQLP

exports[`ProductItem Should [snapshot] 1`] = `
<div
  class="sc-bxivhb ivcEDb sc-bdVaJa iTNBMs"
  data-testid="product-item-1"
>
  <div
    class="sc-bdVaJa fkONWS"
  >
    <div
      class="sc-bdVaJa gMLyeO"
    >
      <img
        alt="Product picture"
        class="sc-htpNat jNsyMH"
        src="http://mla-s1-p.mlstatic.com/938057-MLA29221075330_012019-I.jpg"
      />
    </div>
    <div
      class="sc-bdVaJa buRJSW"
    >
      <div
        class="sc-bdVaJa fHkBQb"
      >
        <div
          class="sc-bdVaJa dFqZev"
        >
          <span>
            $ 
            9.999
          </span>
          <div
            alt="Shipping Icon"
            class="sc-bwzfXH BNGfl"
            data-testid="shipping_ico"
            height="1.125rem"
            width="1.125rem"
          />
        </div>
        <div
          class="sc-bdVaJa jelpmc"
        >
          <span>
            Notebook Gadnic 15,6 Intel Windows 10 4gb Cloudbook  + Funda
          </span>
        </div>
      </div>
    </div>
  </div>
  <div
    class="sc-bdVaJa sc-ifAKCX iyTPRQ"
  >
    <span>
      Capital Federal
    </span>
  </div>
</div>
`;
