// Jest Snapshot v1, https://goo.gl/fbAQLP

exports[`Box Should render [snapshot] 1`] = `
<div
  class="sc-bdVaJa fHkBQb"
/>
`;
