// Jest Snapshot v1, https://goo.gl/fbAQLP

exports[`Container should render [snapshot] 1`] = `
<div
  class="sc-bdVaJa fEwoCY"
/>
`;
