// Jest Snapshot v1, https://goo.gl/fbAQLP

exports[`Content should render [snapshot] 1`] = `
<div
  class="sc-bdVaJa sc-bwzfXH kzHfNy"
/>
`;
