// Jest Snapshot v1, https://goo.gl/fbAQLP

exports[`Flex Should render [snapshot] 1`] = `
<div
  class="sc-bdVaJa cyMNyE"
/>
`;
