// Jest Snapshot v1, https://goo.gl/fbAQLP

exports[`Details Should render [snapshot] 1`] = `
<div
  class="sc-bdVaJa ceYYLS"
>
  <div
    class="sc-bdVaJa bHBkUI"
  >
    <div
      class="sc-bdVaJa kWCdxB"
    >
      <img
        alt="Product"
        height="100%"
        src="http://mla-s1-p.mlstatic.com/938057-MLA29221075330_012019-I.jpg"
      />
    </div>
    <div
      class="sc-bdVaJa kuelCM"
    >
      <span>
        Descripcíon del producto
      </span>
    </div>
    <div
      class="sc-bdVaJa sc-htpNat fLbKlL"
    >
      <span>
        Cod. : NOT000A2

¡COMPRALO AHORA Y RETIRALO HOY MISMO POR NUESTRA SUCURSAL!
(Sucursal en Microcentro abierta al público en General)

Despachamos tu producto EN EL DÍA a todo el país
MOTO: Entregamos dentro de las 24hs hábiles.

////////////////////////////////////////////////////////////////

Somos BIDCOM

Tienda Oficial GADNIC

Más de 10 años vendiendo en MercadoLibre. Más de 200000 compradores nos eligieron y recomendaron. Fuimos elegidos por MercadoLibre como mejores vendedores de todo el sitio.

////////////////////////////////////////////////////////////////

Notebook Gadnic Lumina 15.6”

ACERCA DE ÉSTE PRODUCTO:

La notebook Gadnic NOT000A2 con Procesador Intel ATOM X528350 (1.44GHZ), Memoria Ram de 4 GB, Capacidad 32GB, Windows 10 Home Edition y Pantalla de 15,6 pulgadas Resolucion Full HD es ideal para acompañarte con tus tareas de todos los días. 
Cuenta con Bluetooth 4.0, Cámara frontal y Wifi Integrado para que puedas conectarte desde dónde estés. Además su diseño compacto y peso súper liviando la hacen la notebook perfecta para llevar a todas partes.

////////////////////////////////////////////////////////////////

CARACTERÍSTICAS:

Procesador Intel ATOM X528350 (1.44GHZ)
Memoria Ram: 4 GB
Capacidad 32GB
Windows 10 Home Edition
Pantalla de 15,6”
Resolucion Full HD: 1920 x 1080 
Bluetooth 4.0
Cámara frontal
Wifi Integrado.
Puertos: 2 Usb, 1 Mini HDMI, 1 Auriculares , 1 Slot de micro SD

ACCESORIOS
Cargador
Funda Protectora
Mouse

PUERTOS
2 Usb
1 Mini HDMI
1 Auriculares
1 Slot de memoria micro SD

SE ENTREGA CON:

Notebook Gadnic Lumina
Funda Protectora
Mouse Gadnic - Blanco
Cargador 220V
Packaging Original GADNIC 

////////////////////////////////////////////////////////////////

VIDEO DEMOSTRATIVO:

Te invitamos a ver el video que muestra el producto al final de las imágenes superiores de esta publicación.

////////////////////////////////////////////////////////////////

GARANTÍA: Siempre con nosotros. Gestionamos de manera directa las garantías de todos los productos que comercializamos.

1 AÑO DE GARANTÍA DIRECTA CON NOSOTROS.

Servicio Técnico Oficial: Somos Service Oficial de todas las marcas que representamos. 
Si vencida la garantía por alguna razón necesitás servicio técnico, nosotros nos ocupamos. Ante imprevistos te aseguramos que tu producto podrá ser reparado o reemplazado.

////////////////////////////////////////////////////////////////

10 DÍAS DE PRUEBA:

Recibí el producto que esperabas o te devolvemos tu dinero. Estamos tan seguros de la excelencia de nuestros productos que te damos 10 días para que lo pruebes. Si no estás conforme podés devolvernos el producto y te devolveremos el dinero.

////////////////////////////////////////////////////////////////

VENTAS POR MAYOR

En Bidcom somos Representantes e Importadores directos Gadnic. 

Consulte por ventas mayoristas, conviértase en distribuidor de nuestros productos.

////////////////////////////////////////////////////////////////

ENVÍOS

* Mercado Envíos
* Moto en el día: CABA envío GRATIS!; GBA consultar costos
* OCA a todo el país: GRATIS!
* Micro a terminal

////////////////////////////////////////////////////////////////

RETIROS EN NUESTRO SHOWROOM:

Sucursal Bidcom MICROCENTRO (Cerca de Lavalle y Florida). 
Horarios: Lunes a Viernes de 9 a 19hs / Sábados y Feriados 10 a 17hs

Estamos abiertos al público en general, no es necesario que nos avises antes de venir. Estamos abiertos de corrido en los horarios de atención. Vení a conocer nuestros mejores productos. 

////////////////////////////////////////////////////////////////

MEDIOS DE PAGO:

Podés abonar con todos los medios de pago habilitados con Mercado Pago:
 * Tarjeta de Crédito
 * Tarjeta de Débito
 * Pago Fácil
 * Rapi Pago
 * Provincia Net
 * Cobro Express
 * LINK
 * Carga Virtual

¯¯¯¯¯¯¯¯¯¯¯¯¯¯¯¯¯¯¯¯¯¯¯¯¯¯¯¯¯¯¯¯¯¯¯¯¯¯¯¯¯¯¯¯¯¯¯¯¯¯¯
Emitimos Factura A y B.
En el caso de necesitar Factura A por favor comunicalo por el chat interno de Mercado Libre una vez realizada la compra.

////////////////////////////////////////////////////////////////

NUESTROS PRODUCTOS:

En el siguiente link podés ver todos los productos que desde Bidcom publicamos en MercadoLibre:

https://listado.mercadolibre.com.ar/gadnic_Tienda_gadnic_af_to

Tablets - Notebooks - Drones - Cámaras de Seguridad - Proyectores - Handies - Cámaras de deportes - TV Box - Contadoras de Billetes - Aspiradoras Robot - Smartwatches - Lentes VR - Patinetas Eléctricas - DJI - Órganos Eléctricos - Autos a Radio Control - Tocadiscos - y mucho más.

////////////////////////////////////////////////////////////////

ATENCIÓN: 
¡ÚLTIMAS UNIDADES A PRECIO DE SUPER OFERTA! 

Comprá ahora y asegurate tu unidad a este precio. ¡Aun Tenemos Stock!
¡Si podés ver esta publicación es porque TENEMOS STOCK, no hace falta que nos consultes!

¯¯¯¯¯¯¯¯¯¯¯¯¯¯¯¯¯¯¯¯¯¯¯¯¯¯¯¯¯¯¯¯¯¯¯¯¯¯¯¯¯¯¯¯¯¯¯¯¯¯¯

Hacenos todas las consultas que tengas, para nosotros es un placer ayudarte.

Estamos Online para todo lo que necesites

BIDCOM

      </span>
    </div>
  </div>
  <div
    class="sc-bdVaJa jcenKy"
  >
    <div
      class="sc-bdVaJa fHkBQb"
    >
      <span>
        Nuevo - 
        250
         vendidos
      </span>
    </div>
    <div
      class="sc-bdVaJa ilQqel"
    >
      <span>
        Notebook Gadnic 15,6 Intel Windows 10 4gb Cloudbook  + Funda
      </span>
    </div>
    <div
      class="sc-bdVaJa sc-bxivhb jGPePi"
    >
      <span>
        $ 
        9.999
      </span>
      <small>
        00
      </small>
    </div>
    <button
      class="sc-bwzfXH dNrxNf"
      data-testid="button-buy"
    >
      Comprar
    </button>
  </div>
</div>
`;
