// Jest Snapshot v1, https://goo.gl/fbAQLP

exports[`Search Should render [snapshot] 1`] = `
<div
  style="width: 100vw;"
>
  <div
    class="sc-bdVaJa sc-ifAKCX hUNZUI"
  >
    <div
      class="sc-bdVaJa fEwoCY"
    >
      <div
        class="sc-bdVaJa cyMNyE"
      >
        <a
          class="sc-bdVaJa cpotsO"
          href="/"
          mr="1.6875rem"
        >
          <div
            alt="Logo"
            class="sc-bxivhb jLbKpf"
            height="2.25rem"
            width="3.3125rem"
          />
        </a>
        <form
          class="sc-bdVaJa gGeGEh"
          display="flex"
          width="100%"
        >
          <input
            class="sc-bwzfXH VvuCb"
            data-testid="input-search"
            placeholder="Nunca dejes de buscar"
            type="text"
            value=""
          />
          <button
            class="sc-htpNat kAygXV"
            data-testid="search-button"
          >
            <div
              alt="Logo"
              class="sc-bxivhb hGGnaW"
              height="1.125rem"
              width="1.25rem"
            />
          </button>
        </form>
      </div>
    </div>
  </div>
  <div
    class="sc-bdVaJa sc-EHOje fkUvOS"
  />
</div>
`;
