// Jest Snapshot v1, https://goo.gl/fbAQLP

exports[`Button Should render [snapshot] 1`] = `
<button
  class="sc-bdVaJa cGdrmk"
/>
`;
